  #Not ( {
    X
  #Equals
    Z
  } )
#And
  #Not ( {
    true
  #Equals
    Y:MyId in_keys ( M
    X:MyId |-> 0
    ( Z:MyId |-> 1 ) )
  } )
#And
  <k>
    inkeysResult ( Y:MyId in_keys ( M
    X:MyId |-> 0
    ( Z:MyId |-> 1 ) ) ) ~> .
  </k>
#And
  {
    false
  #Equals
    X:MyId in_keys ( M )
  }
#And
  {
    false
  #Equals
    Z:MyId in_keys ( M )
  }
#And
  {
    true
  #Equals
    Y:MyId in_keys ( M )
  }
