  #Not ( {
    true
  #Equals
    X:MyId in_keys ( M [ X:MyId <- 0 ] )
  } )
#And
  <k>
    inkeysResult ( X:MyId in_keys ( M [ X:MyId <- 0 ] ) ) ~> .
  </k>
