  #Not ( {
    3
  #Equals
    ( X:MyId |-> 3
    y |-> 4 ) [ x <- 5 ] [ X:MyId ]
  } )
#And
  #Not ( {
    X
  #Equals
    x
  } )
#And
  #Not ( {
    X
  #Equals
    y
  } )
#And
  <k>
    lookupResult ( ( X:MyId |-> 3
    y |-> 4 ) [ x <- 5 ] [ X:MyId ] ~> . ) ~> .
  </k>
#And
  {
    true
  #Equals
    X:MyId in_keys ( ( X:MyId |-> 3
    y |-> 4 ) [ x <- 5 ] )
  }
