  #Not ( {
      ( MAP
      Y:MyId |-> 1 ) [ Y:MyId <- 2 ] [ Z:MyId ]
    #Equals
      MAP
      ( Y:MyId |-> 2 ) [ Z:MyId ]
    }
  #And
    {
      true
    #Equals
      Z:MyId in_keys ( MAP
      ( Y:MyId |-> 2 ) )
    } )
#And
  <k>
    lookupResult ( ( MAP
    Y:MyId |-> 1 ) [ Y:MyId <- 2 ] [ Z:MyId ] ~> . ) ~> .
  </k>
#And
  {
    false
  #Equals
    Y:MyId in_keys ( MAP )
  }
#And
  {
    true
  #Equals
    Z:MyId in_keys ( ( MAP
    Y:MyId |-> 1 ) [ Y:MyId <- 2 ] )
  }
