  #Not ( {
    2
  #Equals
    ( MAP
    Z:MyId |-> 1 ) [ Z:MyId <- 2 ] [ Z:MyId ]
  } )
#And
  <k>
    lookupResult ( ( MAP
    Z:MyId |-> 1 ) [ Z:MyId <- 2 ] [ Z:MyId ] ~> . ) ~> .
  </k>
#And
  {
    false
  #Equals
    Z:MyId in_keys ( MAP )
  }
#And
  {
    true
  #Equals
    Z:MyId in_keys ( ( MAP
    Z:MyId |-> 1 ) [ Z:MyId <- 2 ] )
  }
