  #Not ( {
    X
  #Equals
    y
  } )
#And
  <k>
    assignmentResult ( ( X:MyId |-> 3
    y |-> 4 ) [ x <- 5 ] ) ~> .
  </k>
