  #Not ( {
    X
  #Equals
    Y
  } )
#And
  #Not ( {
    X
  #Equals
    Z
  } )
#And
  #Not ( {
    Y
  #Equals
    Z
  } )
#And
  #Not ( {
    false
  #Equals
    Z:MyId in_keys ( MAP )
  } )
#And
  <k>
    assignment ( MAP
    X:MyId |-> 1
    Y:MyId |-> 2
    Z:MyId |-> 3 ) ~> .
  </k>
#And
  {
    false
  #Equals
    X:MyId in_keys ( MAP )
  }
#And
  {
    false
  #Equals
    Y:MyId in_keys ( MAP )
  }
