  #Not ( #Not ( {
      Y
    #Equals
      Z
    } )
  #And
    {
      false
    #Equals
      Z:MyId in_keys ( MAP )
    } )
#And
  #Not ( {
    X
  #Equals
    Y
  } )
#And
  #Not ( {
    X
  #Equals
    Z
  } )
#And
  <k>
    assignment ( MAP
    X:MyId |-> 1
    Y:MyId |-> 2
    Z:MyId |-> 3 ) ~> .
  </k>
#And
  {
    false
  #Equals
    X:MyId in_keys ( MAP )
  }
#And
  {
    false
  #Equals
    Y:MyId in_keys ( MAP )
  }
