  #Not ( {
    ( MAP
    Y:MyId |-> 2 ) [ Z:MyId <- 3 ]
  #Equals
    MAP [ Z:MyId <- 3 ]
    Y:MyId |-> 2
  } )
#And
  #Not ( {
    Y
  #Equals
    Z
  } )
#And
  <k>
    assignmentResult ( ( MAP
    Y:MyId |-> 2 ) [ Z:MyId <- 3 ] ) ~> .
  </k>
#And
  {
    false
  #Equals
    Y:MyId in_keys ( MAP )
  }
