  #Not ( {
    ( MAP
    X:MyId |-> 1 ) [ Z:MyId <- 3 ]
  #Equals
    MAP [ Z:MyId <- 3 ]
    X:MyId |-> 1
  } )
#And
  #Not ( {
    X
  #Equals
    Z
  } )
#And
  <k>
    assignmentResult ( ( MAP
    X:MyId |-> 1 ) [ Z:MyId <- 3 ] ) ~> .
  </k>
#And
  {
    false
  #Equals
    X:MyId in_keys ( MAP )
  }
