  #Not ( {
    true
  #Equals
    Y:MyId in_keys ( M [ X:MyId <- 0 ] )
  } )
#And
  <k>
    inkeysResult ( Y:MyId in_keys ( M [ X:MyId <- 0 ] ) ) ~> .
  </k>
#And
  {
    true
  #Equals
    Y:MyId in_keys ( M )
  }
