  #Not ( {
    ( MAP
    X:MyId |-> 1 ) [ Y:MyId <- 2 ] [ Z:MyId ]
  #Equals
    MAP
    ( X:MyId |-> 1 ) [ Z:MyId ]
  } )
#And
  #Not ( {
    Y
  #Equals
    Z
  } )
#And
  <k>
    lookupResult ( ( MAP
    X:MyId |-> 1 ) [ Y:MyId <- 2 ] [ Z:MyId ] ~> . ) ~> .
  </k>
#And
  {
    false
  #Equals
    X:MyId in_keys ( MAP )
  }
#And
  {
    true
  #Equals
    Z:MyId in_keys ( MAP
    ( X:MyId |-> 1 ) )
  }
