  #Not ( {
    1
  #Equals
    ( MAP
    Z:MyId |-> 1 ) [ Y:MyId <- 2 ] [ Z:MyId ]
  } )
#And
  #Not ( {
    Y
  #Equals
    Z
  } )
#And
  <k>
    lookupResult ( ( MAP
    Z:MyId |-> 1 ) [ Y:MyId <- 2 ] [ Z:MyId ] ~> . ) ~> .
  </k>
#And
  {
    false
  #Equals
    Z:MyId in_keys ( MAP )
  }
